    Blocking waiting for file lock on build directory
warning: field `layout` is never read
  --> crates/relayer-graph-server/src/search_index.rs:61:5
   |
59 | struct LadybugRuntime {
   |        -------------- field in this struct
60 |     store: StdRwLock<Arc<LadybugStore>>,
61 |     layout: StoreLayout,
   |     ^^^^^^
   |
   = note: `#[warn(dead_code)]` (part of `#[warn(unused)]`) on by default

warning: method `root` is never used
  --> crates/relayer-graph-server/src/search_index/store.rs:49:12
   |
40 | impl StoreLayout {
   | ---------------- method in this implementation
...
49 |     pub fn root(&self) -> &Path {
   |            ^^^^

warning: function `rows` is never used
   --> crates/relayer-graph-server/src/search_index/store.rs:645:8
    |
645 | pub fn rows(connection: &Connection<'_>, query: &str) -> Result<Vec<Vec<Value>>> {
    |        ^^^^

warning: `relayer-graph-server` (lib) generated 3 warnings
    Finished `test` profile [unoptimized + debuginfo] target(s) in 5.84s
     Running unittests src/lib.rs (target/debug/deps/relayer_app_server-b68cd9d222dbd8f1)

running 11 tests
test conversation_import_service::tests::materialized_turn_drops_only_inputs_rejected_by_graph_authority ... ok
test conversation_import_service::tests::materialized_receipt_reports_every_rejected_input ... ok
test conversation_import_service::tests::staged_product_cleanup_is_foreign_key_safe_and_durable ... ok
test conversation_import_service::tests::streamed_asset_staging_keeps_header_small_across_reopen ... ok
test conversation_import_service::tests::legacy_staged_asset_header_migrates_without_losing_content ... ok
test conversation_import_service::tests::publication_reclaims_product_staging_bytes_atomically ... ok
test conversation_import_service::tests::product_only_stage_survives_restart_for_reconciliation ... ok
test conversation_import_service::tests::graph_delete_failure_retains_product_marker_for_retry ... ok
test conversation_import_service::tests::unavailable_asset_validator_cleans_private_graph_and_product_stages ... ok
test conversation_import_service::tests::failed_import_materializes_ordered_context_as_read_only_graph_input ... ok
test conversation_import_service::tests::graph_commit_before_product_publish_reconciles_after_restart ... ok

test result: ok. 11 passed; 0 failed; 0 ignored; 0 measured; 238 filtered out; finished in 1.12s
