
> relayer-graphcomplete@0.0.0 test:desktop:context-draft-warning
> npm run build && node scripts/run-context-draft-warning-test.mjs


> relayer-graphcomplete@0.0.0 prebuild
> npm run prepare:renderer


> relayer-graphcomplete@0.0.0 prepare:renderer
> node scripts/prepare-renderer-vendor.mjs


> relayer-graphcomplete@0.0.0 build
> node scripts/clean-dist.mjs && cargo build -p relayer-app-server -p relayer-graph-server && tsc -p tsconfig.build.json && npm run build:packages

warning: field `layout` is never read
  --> crates/relayer-graph-server/src/search_index.rs:61:5
   |
59 | struct LadybugRuntime {
   |        -------------- field in this struct
60 |     store: StdRwLock<Arc<LadybugStore>>,
61 |     layout: StoreLayout,
   |     ^^^^^^
   |
   = note: `#[warn(dead_code)]` (part of `#[warn(unused)]`) on by default

warning: method `root` is never used
  --> crates/relayer-graph-server/src/search_index/store.rs:49:12
   |
40 | impl StoreLayout {
   | ---------------- method in this implementation
...
49 |     pub fn root(&self) -> &Path {
   |            ^^^^

warning: function `rows` is never used
   --> crates/relayer-graph-server/src/search_index/store.rs:645:8
    |
645 | pub fn rows(connection: &Connection<'_>, query: &str) -> Result<Vec<Vec<Value>>> {
    |        ^^^^

warning: `relayer-graph-server` (lib) generated 3 warnings
    Finished `dev` profile [unoptimized + debuginfo] target(s) in 0.44s

> relayer-graphcomplete@0.0.0 build:packages
> npm run build -w @relayer/graph-client && npm run build -w @relayer/visual-assets && npm run build -w @relayer/harness-host && npm run build -w @relayer/eval-runner


> @relayer/graph-client@0.0.0 prebuild
> node scripts/clean-dist.mjs


> @relayer/graph-client@0.0.0 build
> node scripts/generate-query-errors.mjs --check && tsc -p tsconfig.build.json && node scripts/package-runtime-deps.mjs


> @relayer/visual-assets@0.0.0 build
> tsc -p tsconfig.build.json


> @relayer/harness-host@0.0.0 build
> tsc -p tsconfig.build.json


> @relayer/eval-runner@0.0.0 build
> tsc -p tsconfig.build.json

Starting isolated Electron context-draft warning smoke test.
RELAYER_CONTEXT_DRAFT_WARNING_SMOKE {"passed":true,"harness":"fixture-task-system","inferenceCalls":0,"duplicateActivationRequests":0,"cancelPreserved":true,"keyboardCancelRestoredFocus":true,"closeWaitedForPersistence":true,"workspaceDisposalCancelPassed":true,"newThreadCancelPassed":true,"newThreadRestorationPassed":true,"ordinaryNewThreadButton":{"passed":true,"currentThreadId":null,"activeThreadId":2,"savedDraftPreserved":true,"windowRestarted":true,"appProcessRestarted":false,"servicesRestarted":false,"frames":30,"recording":{"timestampSource":"performance.now() at completion of each Electron capturePage request","capturedAtMs":[58.5,220.6,379.2,539.5,697.8,859.9,1023.3,1181.5,1339.3,1553.6,1699.9,1904.9,2116.4,2323.4,2533.7,2740,2944.8,3152.4,3360.4,3588.2,3747.8,3908.2,4066.8,4231.1,4392.5,4550.4,4714.8,4877.7,5037.7,5196.8],"beforeClickHoldMs":1401.7,"newThreadHoldMs":1899.5,"restoredThreadHoldMs":1803.5,"minimumReadableHoldMs":1400,"measuredTimelineMs":5150.7,"videoDurationMs":5200},"video":{"file":"/Volumes/2T-SSD/worker-pilot/evidence/factory-no-thread-composer/run-20260925/media/ordinary-new-thread-transition.mp4","sha256":"5f7c4f11b8083d40f3c5f40759be50a8b17bb4d9cde1b415d2d127418eada0c7","durationSeconds":5.2,"stream":{"codec_name":"h264","width":2560,"height":1720,"side_data_list":[{}]},"playbackDecoded":true},"screenshot":{"file":"/Volumes/2T-SSD/worker-pilot/evidence/factory-no-thread-composer/run-20260925/media/ordinary-new-thread-view.png","sha256":"e7c12e5d1779a9584a57ee422df7a613e797cd0a9a2c42d98e72032c43a2c15c"},"beforeNewThreadScreenshot":{"file":"/Volumes/2T-SSD/worker-pilot/evidence/factory-no-thread-composer/run-20260925/media/saved-thread-draft-before-new-thread.png","sha256":"9bdce05432f9f9bfc94a315f41a344766ef4b5d382703d136f5a55e83d7c1600"},"afterWindowRestartScreenshot":{"file":"/Volumes/2T-SSD/worker-pilot/evidence/factory-no-thread-composer/run-20260925/media/saved-thread-draft-after-window-restart.png","sha256":"508aaab845406a28df672375576f42f814c2266ca603179f1aed5d593d7ebc7f"}},"failureRecovered":true,"repeatActivationPassed":true,"overrideContexts":[{"target":{"nodeId":40,"sourceInteractionNodeId":39,"sourceLayerId":14},"annotations":["Use this confirmed worker-pool context in the answer."]}],"directContexts":[],"preservedDraftCount":12}
